// Jest Snapshot v1, https://goo.gl/fbAQLP

exports[`MovieCard should render the component with data and compere it to snapshot 1`] = `
Object {
  "asFragment": [Function],
  "baseElement": <body>
    <div>
      <div
        class="MuiPaper-root MuiPaper-elevation MuiPaper-rounded MuiPaper-elevation1 MuiCard-root css-1ri6ub7-MuiPaper-root-MuiCard-root"
      >
        <img
          alt="awesome movie"
          class="MuiCardMedia-root MuiCardMedia-media MuiCardMedia-img css-o69gx8-MuiCardMedia-root"
          data-testid="movie-card-image"
          height="140"
          src="https://image.tmdb.org/t/p/w300/path-to-image"
        />
        <div
          class="MuiCardContent-root css-46bh2p-MuiCardContent-root"
        >
          <div
            class="MuiTypography-root MuiTypography-h5 MuiTypography-gutterBottom css-h93ljk-MuiTypography-root"
            data-testid="movie-card-title"
          >
            awesome movie
          </div>
          <p
            class="MuiTypography-root MuiTypography-body2 css-r40f8v-MuiTypography-root"
            data-testid="movie-card-description"
          >
            some overview
          </p>
          <hr />
          <p
            class="MuiTypography-root MuiTypography-body2 css-r40f8v-MuiTypography-root"
            data-testid="movie-card-popularity"
          >
            Popularity: 
            9999
          </p>
          <div
            class="MuiGrid-root MuiGrid-container css-1xzqqmo-MuiGrid-root"
          >
            <p
              class="MuiTypography-root MuiTypography-body2 css-r40f8v-MuiTypography-root"
              data-testid="movie-card-rate"
            >
              9.9
               (
              777
              )
            </p>
            <p
              class="MuiTypography-root MuiTypography-body2 MuiTypography-alignRight css-15l36n3-MuiTypography-root"
              data-testid="movie-card-date"
            >
              05-05-2022
            </p>
          </div>
        </div>
      </div>
    </div>
  </body>,
  "container": <div>
    <div
      class="MuiPaper-root MuiPaper-elevation MuiPaper-rounded MuiPaper-elevation1 MuiCard-root css-1ri6ub7-MuiPaper-root-MuiCard-root"
    >
      <img
        alt="awesome movie"
        class="MuiCardMedia-root MuiCardMedia-media MuiCardMedia-img css-o69gx8-MuiCardMedia-root"
        data-testid="movie-card-image"
        height="140"
        src="https://image.tmdb.org/t/p/w300/path-to-image"
      />
      <div
        class="MuiCardContent-root css-46bh2p-MuiCardContent-root"
      >
        <div
          class="MuiTypography-root MuiTypography-h5 MuiTypography-gutterBottom css-h93ljk-MuiTypography-root"
          data-testid="movie-card-title"
        >
          awesome movie
        </div>
        <p
          class="MuiTypography-root MuiTypography-body2 css-r40f8v-MuiTypography-root"
          data-testid="movie-card-description"
        >
          some overview
        </p>
        <hr />
        <p
          class="MuiTypography-root MuiTypography-body2 css-r40f8v-MuiTypography-root"
          data-testid="movie-card-popularity"
        >
          Popularity: 
          9999
        </p>
        <div
          class="MuiGrid-root MuiGrid-container css-1xzqqmo-MuiGrid-root"
        >
          <p
            class="MuiTypography-root MuiTypography-body2 css-r40f8v-MuiTypography-root"
            data-testid="movie-card-rate"
          >
            9.9
             (
            777
            )
          </p>
          <p
            class="MuiTypography-root MuiTypography-body2 MuiTypography-alignRight css-15l36n3-MuiTypography-root"
            data-testid="movie-card-date"
          >
            05-05-2022
          </p>
        </div>
      </div>
    </div>
  </div>,
  "debug": [Function],
  "findAllByAltText": [Function],
  "findAllByDisplayValue": [Function],
  "findAllByLabelText": [Function],
  "findAllByPlaceholderText": [Function],
  "findAllByRole": [Function],
  "findAllByTestId": [Function],
  "findAllByText": [Function],
  "findAllByTitle": [Function],
  "findByAltText": [Function],
  "findByDisplayValue": [Function],
  "findByLabelText": [Function],
  "findByPlaceholderText": [Function],
  "findByRole": [Function],
  "findByTestId": [Function],
  "findByText": [Function],
  "findByTitle": [Function],
  "getAllByAltText": [Function],
  "getAllByDisplayValue": [Function],
  "getAllByLabelText": [Function],
  "getAllByPlaceholderText": [Function],
  "getAllByRole": [Function],
  "getAllByTestId": [Function],
  "getAllByText": [Function],
  "getAllByTitle": [Function],
  "getByAltText": [Function],
  "getByDisplayValue": [Function],
  "getByLabelText": [Function],
  "getByPlaceholderText": [Function],
  "getByRole": [Function],
  "getByTestId": [Function],
  "getByText": [Function],
  "getByTitle": [Function],
  "queryAllByAltText": [Function],
  "queryAllByDisplayValue": [Function],
  "queryAllByLabelText": [Function],
  "queryAllByPlaceholderText": [Function],
  "queryAllByRole": [Function],
  "queryAllByTestId": [Function],
  "queryAllByText": [Function],
  "queryAllByTitle": [Function],
  "queryByAltText": [Function],
  "queryByDisplayValue": [Function],
  "queryByLabelText": [Function],
  "queryByPlaceholderText": [Function],
  "queryByRole": [Function],
  "queryByTestId": [Function],
  "queryByText": [Function],
  "queryByTitle": [Function],
  "rerender": [Function],
  "unmount": [Function],
}
`;
